python : Traceback (most 
recent call last):
At line:1 char:1
+ python 
test_integration.py > 
test_output.txt 2>&1; 
type test_output.t ...
+ ~~~~~~~~~~~~~~~~~~~~~~~~
~~~~~~~~~~~~~~~~~~~~~~~~~
    + CategoryInfo        
      : NotSpecified: (T  
  raceback (most recent   
  call last)::String)     
[], RemoteException
    + FullyQualifiedError 
   Id : NativeCommandErr  
  or
 
  File "D:\MY WORK\Genome 
Sequencing And Reconstruct
ion\test_integration.py", 
line 38, in <module>
=================================================================
  INTEGRATION TEST � Fusion + Confidence + Viewer
=================================================================

[1] Testing TransformerGNNFusion forward pass...
  MLM logits:       torch.Size([2, 32, 100])
  Recon logits:     torch.Size([2, 32, 5])
  Per-base conf:    torch.Size([2, 32])
  Reliability:      torch.Size([2])
  Temperature:      1.500
  Hidden states:    torch.Size([2, 32, 64])
  Total params:     208,623
    print("  \u2705 PASS")
  File "C:\Users\Arnav Mis
hra\AppData\Local\Programs
\Python\Python310\lib\enco
dings\cp1252.py", line 
19, in encode
    return codecs.charmap_
encode(input,self.errors,e
ncoding_table)[0]
UnicodeEncodeError: 
'charmap' codec can't 
encode character '\u2705' 
in position 2: character 
maps to <undefined>
